[danielbiller.com/index.html]
[backblue.gif]
[fade.gif]
[index.html]
[danielbiller.com/wp-includes/css/dist/block-library/style.min37ad.css]
[danielbiller.com/indexd784.html]
[danielbiller.com/wp-content/plugins/contact-form-7/includes/css/styles4c7e.css]
[danielbiller.com/wp-content/plugins/raratheme-companion/public/css/raratheme-companion-public.min2fca.css]
[danielbiller.com/indexa6da.html]
[danielbiller.com/wp-content/themes/perfect-portfolio/css/owl.theme.default.min77e6.css]
[danielbiller.com/wp-content/themes/perfect-portfolio/css/owl.carousel.min77e6.css]
[danielbiller.com/wp-content/themes/perfect-portfolio/css/perfect-scrollbar.min6f3e.css]
[danielbiller.com/wp-content/themes/perfect-portfolio/stylec5c9.css]
[danielbiller.com/wp-includes/js/jquery/jquery.minaf6c.js]
[danielbiller.com/wp-includes/js/jquery/jquery-migrate.mind617.js]
[danielbiller.com/index52f0.json]
[danielbiller.com/index1edb.json]
[danielbiller.com/xmlrpc0db0.php]
[danielbiller.com/wp-includes/wlwmanifest.xml]
[danielbiller.com/indexa9e4.json]
[danielbiller.com/index5650.php]
[danielbiller.com/wp-content/uploads/2020/09/transLogo-1-60x60.png]
[danielbiller.com/wp-content/uploads/2020/09/transLogo-1-300x300.png]
[danielbiller.com/wp-content/uploads/2020/09/transLogo-e1601164394933.png]
[danielbiller.com/wp-content/uploads/2020/09/IMG_6541-1-scaled-e1601070180997.jpg]
[danielbiller.com/wp-content/uploads/2020/09/ezgif.com-resize-2.gif]
[danielbiller.com/wp-content/uploads/2020/09/Virtual-Mem-Icon-e1601174788681.png]
[danielbiller.com/index32ec.html]
[danielbiller.com/index5b02.html]
[danielbiller.com/index7e09.html]
[danielbiller.com/wp-includes/js/dist/vendor/regenerator-runtime.min3937.js]
[danielbiller.com/wp-includes/js/dist/vendor/wp-polyfill.min2c7c.js]
[danielbiller.com/indexc60c.html]
[danielbiller.com/wp-content/plugins/contact-form-7/includes/js/index4c7e.js]
[danielbiller.com/wp-content/plugins/raratheme-companion/public/js/isotope.pkgd.min8d18.js]
[danielbiller.com/indexd831.html]
[danielbiller.com/wp-includes/js/imagesloaded.mineda1.js]
[danielbiller.com/wp-includes/js/masonry.min3a05.js]
[danielbiller.com/wp-content/plugins/raratheme-companion/public/js/raratheme-companion-public.min2fca.js]
[danielbiller.com/wp-content/plugins/raratheme-companion/public/js/fontawesome/v4-shims.min6a4d.js]
[danielbiller.com/indexa9d5.html]
[danielbiller.com/wp-content/themes/perfect-portfolio/js/owl.carousel.min77e6.js]
[danielbiller.com/wp-content/themes/perfect-portfolio/js/perfect-scrollbar.min6f3e.js]
[danielbiller.com/wp-content/themes/perfect-portfolio/js/modal-accessibility.minc5c9.js]
[danielbiller.com/wp-content/plugins/raratheme-companion/public/js/fontawesome/all.min6a4d.js]
[danielbiller.com/wp-content/themes/perfect-portfolio/js/custom.minc5c9.js]
[danielbiller.com/index.html]
[danielbiller.com/wp-includes/css/dist/block-library/style.min37ad.css]
[danielbiller.com/wp-content/plugins/contact-form-7/includes/css/styles4c7e.css]
[danielbiller.com/wp-content/plugins/raratheme-companion/public/css/raratheme-companion-public.min2fca.css]
[danielbiller.com/wp-content/themes/perfect-portfolio/css/owl.theme.default.min77e6.css]
[danielbiller.com/indexb4ec.html]
[danielbiller.com/index6916.html]
[danielbiller.com/wp-content/themes/perfect-portfolio/css/owl.carousel.min77e6.css]
[danielbiller.com/wp-content/themes/perfect-portfolio/css/perfect-scrollbar.min6f3e.css]
[danielbiller.com/wp-content/themes/perfect-portfolio/images/search-icon.svg]
[danielbiller.com/wp-content/themes/perfect-portfolio/stylec5c9.css]
[danielbiller.com/wp-includes/js/jquery/jquery.minaf6c.js]
[danielbiller.com/wp-includes/js/jquery/jquery-migrate.mind617.js]
[danielbiller.com/indexe035.json]
[danielbiller.com/index9a04.json]
[danielbiller.com/index146c.php]
[danielbiller.com/wp-content/uploads/2020/09/IMG_6541-2-scaled-e1601142846961-657x1024.jpg]
[danielbiller.com/index32ec.html]
[danielbiller.com/indexef38.json]
[danielbiller.com/indexe795.json]
[danielbiller.com/index89bd.php]
[danielbiller.com/index5b02.html]
[danielbiller.com/index766d.json]
[danielbiller.com/index2cb3.json]
[danielbiller.com/indexf01e.php]
[danielbiller.com/index7e09.html]
[danielbiller.com/index17d4.json]
[danielbiller.com/index6c61.json]
[danielbiller.com/indexc167.php]
[danielbiller.com/wp-content/uploads/2020/09/ezgif.com-gif-maker-3.gif]
[danielbiller.com/wp-content/uploads/2020/09/EnergyGraph.png]
[danielbiller.com/wp-content/uploads/2020/09/1.png]
[danielbiller.com/wp-content/uploads/2020/09/1250.png]
[danielbiller.com/wp-content/uploads/2020/09/Sudocode-1024x941.png]
[danielbiller.com/wp-content/uploads/2020/09/particle-search-1-1024x887.png]
[danielbiller.com/wp-content/uploads/2020/09/ezgif.com-gif-maker-2.gif]
[danielbiller.com/wp-content/uploads/2020/09/Virtual-Mem-Icon-367x252.png]
[danielbiller.com/indexc60c.html]
[danielbiller.com/index84f6.json]
[danielbiller.com/indexd831.html]
[danielbiller.com/indexeeca.html]
[danielbiller.com/indexeb00.json]
[danielbiller.com/index8467.html]
[danielbiller.com/wp-content/uploads/2020/09/Virtual-Mem-Icon-768x726.png]
[danielbiller.com/indexa9d5.html]
[danielbiller.com/indexb209.json]
[danielbiller.com/index2196.json]
[danielbiller.com/indexda39.php]
[danielbiller.com/wp-content/uploads/2020/09/Virtual-Mem-Icon-782x700.png]
[danielbiller.com/wp-content/uploads/2020/09/desk-1.png]
[danielbiller.com/wp-content/uploads/2020/09/a-1024x320.png]
[danielbiller.com/wp-content/uploads/2020/09/b-1024x307.png]
[danielbiller.com/wp-content/uploads/2020/09/c-1024x305.png]
[danielbiller.com/wp-content/uploads/2020/09/d-1024x302.png]
[danielbiller.com/wp-content/uploads/2020/09/ezgif.com-resize-2-367x252.gif]
[danielbiller.com/indexb4ec.html]
[danielbiller.com/index3fa0.json]
[danielbiller.com/index6916.html]
[danielbiller.com/wp-includes/js/dist/vendor/regenerator-runtime.min3937.js]
[danielbiller.com/wp-includes/js/dist/vendor/wp-polyfill.min2c7c.js]
[danielbiller.com/index9015.html]
[danielbiller.com/wp-content/plugins/contact-form-7/includes/js/index4c7e.js]
[danielbiller.com/wp-content/plugins/raratheme-companion/public/js/isotope.pkgd.min8d18.js]
[danielbiller.com/wp-includes/js/imagesloaded.mineda1.js]
[danielbiller.com/wp-includes/js/masonry.min3a05.js]
[danielbiller.com/wp-content/plugins/raratheme-companion/public/js/raratheme-companion-public.min2fca.js]
[danielbiller.com/wp-content/plugins/raratheme-companion/public/js/fontawesome/all.min6a4d.js]
[danielbiller.com/wp-content/plugins/raratheme-companion/public/js/fontawesome/v4-shims.min6a4d.js]
[danielbiller.com/wp-content/themes/perfect-portfolio/js/owl.carousel.min77e6.js]
[danielbiller.com/wp-content/themes/perfect-portfolio/js/perfect-scrollbar.min6f3e.js]
[danielbiller.com/wp-content/themes/perfect-portfolio/js/modal-accessibility.minc5c9.js]
[danielbiller.com/wp-content/themes/perfect-portfolio/js/custom.minc5c9.js]
[danielbiller.com/wp-content/themes/perfect-portfolio/css/owl.video.play.html]
[danielbiller.com/wp-content/themes/perfect-portfolio/images/search-icon.svg]
[danielbiller.com/index40a0.html]
[danielbiller.com/index8e0b.html]
[danielbiller.com/index31a3.html]
[danielbiller.com/index93f8.html]
[danielbiller.com/indexb0f8.html]
[danielbiller.com/e.html]
[danielbiller.com/Trident/index.html]
